<IDENTIFIER, "audio1">
<ASSIGN, "=">
<IDENTIFIER, "load">
<LPR, "(">
<STRING, "audio1.wav">
<RPR, ")">
<IDENTIFIER, "duration">
<ASSIGN, "=">
<FLOAT, "0.0">
<FOR, "for">
<LPR, "(">
<IDENTIFIER, "duration">
<LT, "<">
<FLOAT, "10.0">
<RPR, ")">
<LBRACE, "{">
<IDENTIFIER, "audio1">
<ASSIGN, "=">
<IDENTIFIER, "loop">
<LPR, "(">
<IDENTIFIER, "audio1">
<COMMA, ",">
<INTEGER, "1">
<RPR, ")">
<IDENTIFIER, "duration">
<ASSIGN, "=">
<IDENTIFIER, "getDuration">
<LPR, "(">
<IDENTIFIER, "audio1">
<RPR, ")">
<RBRACE, "}">
<IDENTIFIER, "export">
<LPR, "(">
<IDENTIFIER, "audio1">
<COMMA, ",">
<STRING, "looped_audio1.wav">
<RPR, ")">
<EOF, "">
