<IDENTIFIER, "scaleVolume">
<ASSIGN, "=">
<FUNCTION, "function">
<LPR, "(">
<IDENTIFIER, "volume">
<COMMA, ",">
<IDENTIFIER, "scale">
<RPR, ")">
<LBRACE, "{">
<RETURN, "return">
<IDENTIFIER, "volume">
<ASTERISK, "*">
<IDENTIFIER, "scale">
<RBRACE, "}">
<IDENTIFIER, "aud1">
<ASSIGN, "=">
<IDENTIFIER, "load">
<LPR, "(">
<STRING, "input1.wav">
<RPR, ")">
<IDENTIFIER, "louder_aud1">
<ASSIGN, "=">
<IDENTIFIER, "scaleVolume">
<LPR, "(">
<IDENTIFIER, "aud1">
<COMMA, ",">
<FLOAT, "2.0">
<RPR, ")">
<IDENTIFIER, "fainter_aud1">
<ASSIGN, "=">
<IDENTIFIER, "scaleVolume">
<LPR, "(">
<IDENTIFIER, "aud1">
<COMMA, ",">
<FLOAT, "0.5">
<RPR, ")">
<IDENTIFIER, "export">
<LPR, "(">
<IDENTIFIER, "louder_aud1">
<COMMA, ",">
<STRING, "louder_aud1.wav">
<RPR, ")">
<IDENTIFIER, "export">
<LPR, "(">
<IDENTIFIER, "fainter_aud1">
<COMMA, ",">
<STRING, "fainter_aud1.wav">
<RPR, ")">
<EOF, "">
