<IDENTIFIER, "audioFiles">
<ASSIGN, "=">
<LBRACKET, "[">
<STRING, "input1.wav">
<COMMA, ",">
<STRING, "input2.wav">
<COMMA, ",">
<STRING, "input3.wav">
<RBRACKET, "]">
<IDENTIFIER, "audioClips">
<ASSIGN, "=">
<LBRACKET, "[">
<RBRACKET, "]">
<FOREACH, "foreach">
<IDENTIFIER, "file">
<IN, "in">
<IDENTIFIER, "audioFiles">
<LBRACE, "{">
<IDENTIFIER, "clip">
<ASSIGN, "=">
<IDENTIFIER, "load">
<LPR, "(">
<IDENTIFIER, "file">
<RPR, ")">
<IDENTIFIER, "fadeIn">
<LPR, "(">
<IDENTIFIER, "clip">
<COMMA, ",">
<FLOAT, "3.0">
<RPR, ")">
<IDENTIFIER, "append">
<LPR, "(">
<IDENTIFIER, "audioClips">
<COMMA, ",">
<IDENTIFIER, "clip">
<RPR, ")">
<RBRACE, "}">
<IDENTIFIER, "total_duration">
<ASSIGN, "=">
<IDENTIFIER, "getDuration">
<LPR, "(">
<IDENTIFIER, "audioClips">
<LBRACKET, "[">
<INTEGER, "0">
<RBRACKET, "]">
<RPR, ")">
<PLUS, "+">
<IDENTIFIER, "getDuration">
<LPR, "(">
<IDENTIFIER, "audioClips">
<LBRACKET, "[">
<INTEGER, "1">
<RBRACKET, "]">
<RPR, ")">
<PLUS, "+">
<IDENTIFIER, "getDuration">
<LPR, "(">
<IDENTIFIER, "audioClips">
<LBRACKET, "[">
<INTEGER, "2">
<RBRACKET, "]">
<RPR, ")">
<EOF, "">
