<IDENTIFIER, "aud1">
<ASSIGN, "=">
<LOAD, "load">
<LPR, "(">
<STRING, "input1.wav">
<RPR, ")">
<IDENTIFIER, "aud2">
<ASSIGN, "=">
<LOAD, "load">
<LPR, "(">
<STRING, "input2.wav">
<RPR, ")">
<IDENTIFIER, "aud1">
<ASSIGN, "=">
<IDENTIFIER, "fadeIn">
<LPR, "(">
<IDENTIFIER, "aud1">
<COMMA, ",">
<IDENTIFIER, "duration">
<COLON, ":">
<FLOAT, "3.0">
<RPR, ")">
<IDENTIFIER, "aud2">
<ASSIGN, "=">
<IDENTIFIER, "fadeOut">
<LPR, "(">
<IDENTIFIER, "aud2">
<COMMA, ",">
<IDENTIFIER, "duration">
<COLON, ":">
<FLOAT, "3.0">
<RPR, ")">
<IDENTIFIER, "aud1">
<ASSIGN, "=">
<IDENTIFIER, "trim">
<LPR, "(">
<IDENTIFIER, "aud1">
<COMMA, ",">
<IDENTIFIER, "start">
<COLON, ":">
<FLOAT, "5.0">
<COMMA, ",">
<IDENTIFIER, "end">
<COLON, ":">
<FLOAT, "30.0">
<RPR, ")">
<IDENTIFIER, "aud">
<ASSIGN, "=">
<IDENTIFIER, "trim">
<LPR, "(">
<IDENTIFIER, "aud2">
<COMMA, ",">
<IDENTIFIER, "start">
<COLON, ":">
<FLOAT, "5.0">
<COMMA, ",">
<IDENTIFIER, "end">
<COLON, ":">
<FLOAT, "30.0">
<RPR, ")">
<IDENTIFIER, "res">
<ASSIGN, "=">
<IDENTIFIER, "join">
<LPR, "(">
<IDENTIFIER, "aud1">
<COMMA, ",">
<IDENTIFIER, "aud2">
<RPR, ")">
<INTEGER, "123">
<IDENTIFIER, "res">
<ASSIGN, "=">
<IDENTIFIER, "res">
<EOF, "">
