<IDENTIFIER, "aud1">
<ASSIGN, "=">
<LOAD, "load">
<LPR, "(">
<STRING, "input1.wav">
<RPR, ")">
<IDENTIFIER, "format">
<ASSIGN, "=">
<STRING, "aac">
<IF, "if">
<LPR, "(">
<IDENTIFIER, "format">
<EQUALS, "==">
<STRING, "wav">
<RPR, ")">
<LBRACE, "{">
<EXPORT, "export">
<LPR, "(">
<IDENTIFIER, "aud1">
<COMMA, ",">
<STRING, "output1.wav">
<RPR, ")">
<RBRACE, "}">
<ELSE, "else">
<IF, "if">
<LPR, "(">
<IDENTIFIER, "format">
<EQUALS, "==">
<STRING, "mp3">
<RPR, ")">
<LBRACE, "{">
<IDENTIFIER, "changeFormat">
<LPR, "(">
<IDENTIFIER, "aud1">
<COMMA, ",">
<IDENTIFIER, "format">
<COLON, ":">
<STRING, "wav">
<RPR, ")">
<EXPORT, "export">
<LPR, "(">
<IDENTIFIER, "aud1">
<COMMA, ",">
<STRING, "output1.mp3">
<RPR, ")">
<RBRACE, "}">
<ELSE, "else">
<IF, "if">
<LPR, "(">
<IDENTIFIER, "format">
<EQUALS, "==">
<STRING, "aac">
<RPR, ")">
<LBRACE, "{">
<EXPORT, "export">
<LPR, "(">
<IDENTIFIER, "aud1">
<COMMA, ",">
<STRING, "output1.aac">
<RPR, ")">
<RBRACE, "}">
<ELSE, "else">
<LBRACE, "{">
<IDENTIFIER, "print">
<LPR, "(">
<STRING, "Invalid format)
}">
<EOF, "">
