PROGRAM
ASSIGNMENT
├── IDENTIFIER (aud1)
├── =
└── CALL_EXPRESSION
    ├── FUNCTION
    │   IDENTIFIER (load)
    └── ARGUMENTS
        └── STRING
            └── input1.wav
ASSIGNMENT
├── IDENTIFIER (aud2)
├── =
└── CALL_EXPRESSION
    ├── FUNCTION
    │   IDENTIFIER (load)
    └── ARGUMENTS
        └── STRING
            └── input2.wav
ASSIGNMENT
├── IDENTIFIER (aud1)
├── =
└── CALL_EXPRESSION
    ├── FUNCTION
    │   IDENTIFIER (fadeIn)
    └── ARGUMENTS
        ├── IDENTIFIER (aud1)
        └── FLOAT (3.000000)
ASSIGNMENT
├── IDENTIFIER (aud2)
├── =
└── CALL_EXPRESSION
    ├── FUNCTION
    │   IDENTIFIER (fadeOut)
    └── ARGUMENTS
        ├── IDENTIFIER (aud2)
        └── FLOAT (3.000000)
ASSIGNMENT
├── IDENTIFIER (aud1)
├── =
└── CALL_EXPRESSION
    ├── FUNCTION
    │   IDENTIFIER (trim)
    └── ARGUMENTS
        ├── IDENTIFIER (aud1)
        ├── FLOAT (5.000000)
        └── FLOAT (30.000000)
ASSIGNMENT
├── IDENTIFIER (aud)
├── =
└── CALL_EXPRESSION
    ├── FUNCTION
    │   IDENTIFIER (trim)
    └── ARGUMENTS
        ├── IDENTIFIER (aud2)
        ├── FLOAT (5.000000)
        └── FLOAT (30.000000)
ASSIGNMENT
├── IDENTIFIER (res)
├── =
└── CALL_EXPRESSION
    ├── FUNCTION
    │   IDENTIFIER (join)
    └── ARGUMENTS
        ├── IDENTIFIER (aud1)
        └── IDENTIFIER (aud2)
