lexer has 1 error(s):
unterminated string at line 11, position 22
